2026-03-16T00:02:58.5272210-04:00 59;XT=81,200,81,128;TH=70,95,70,95;WARN=1;SID=1;MODE=0;UP=84574
2026-03-16T00:02:58.8428041-04:00 59;XT=81,200,81,128;TH=70,95,70,95;WARN=1;SID=1;MODE=0;UP=84574
2026-03-16T00:02:59.1091456-04:00 59;XT=81,200,81,128;TH=70,95,70,95;WARN=1;SID=1;MODE=0;UP=84574
2026-03-16T00:02:59.3729055-04:00 59;XT=81,200,81,128;TH=70,95,70,95;WARN=1;SID=1;MODE=0;UP=84574
2026-03-16T00:02:59.6404688-04:00 59;XT=81,200,81,128;TH=70,95,70,95;WARN=1;SID=1;MODE=0;UP=84574
2026-03-16T00:02:59.9070811-04:00 59;XT=81,200,81,128;TH=70,95,70,95;WARN=1;SID=1;MODE=0;UP=84574
2026-03-16T00:03:00.1723323-04:00 59;XT=81,200,81,128;TH=70,95,70,95;WARN=1;SID=1;MODE=0;UP=84574
2026-03-16T00:03:00.4390326-04:00 59;XT=81,200,81,128;TH=70,95,70,95;WARN=1;SID=1;MODE=0;UP=84574
2026-03-16T00:03:00.7197055-04:00 59;XT=81,200,81,128;TH=70,95,70,95;WARN=1;SID=1;MODE=0;UP=84574
2026-03-16T00:03:00.9842999-04:00 59;XT=81,200,81,128;TH=70,95,70,95;WARN=1;SID=1;MODE=0;UP=84574
2026-03-16T00:03:01.2518656-04:00 59;XT=81,200,81,128;TH=70,95,70,95;WARN=1;SID=1;MODE=0;UP=84574
2026-03-16T00:03:01.5137877-04:00 59;XT=81,200,81,128;TH=70,95,70,95;WARN=1;SID=1;MODE=0;UP=84574
2026-03-16T00:03:01.7811400-04:00 59;XT=81,200,81,128;TH=70,95,70,95;WARN=1;SID=1;MODE=0;UP=84574
2026-03-16T00:03:02.0471840-04:00 59;XT=81,200,81,128;TH=70,95,70,95;WARN=1;SID=1;MODE=0;UP=84574
2026-03-16T00:03:02.3120725-04:00 59;XT=81,200,81,128;TH=70,95,70,95;WARN=1;SID=1;MODE=0;UP=84574
2026-03-16T00:03:02.5776431-04:00 59;XT=81,200,81,128;TH=70,95,70,95;WARN=1;SID=1;MODE=0;UP=84574
2026-03-16T00:03:02.8471692-04:00 59;XT=81,200,81,128;TH=70,95,70,95;WARN=1;SID=1;MODE=0;UP=84574
2026-03-16T00:03:03.1150192-04:00 59;XT=81,200,81,128;TH=70,95,70,95;WARN=1;SID=1;MODE=0;UP=84574
2026-03-16T00:03:03.3811907-04:00 59;XT=81,200,81,128;TH=70,95,70,95;WARN=1;SID=1;MODE=0;UP=84574
2026-03-16T00:03:03.6460701-04:00 59;XT=81,200,81,128;TH=70,95,70,95;WARN=1;SID=1;MODE=0;UP=84574
2026-03-16T00:03:03.9135454-04:00 59;XT=81,200,81,128;TH=70,95,70,95;WARN=1;SID=1;MODE=0;UP=84574
2026-03-16T00:03:04.1792377-04:00 59;XT=81,200,81,128;TH=70,95,70,95;WARN=1;SID=1;MODE=0;UP=84574
2026-03-16T00:03:04.4462381-04:00 59;XT=81,200,81,128;TH=70,95,70,95;WARN=1;SID=1;MODE=0;UP=84574
2026-03-16T00:03:04.7117089-04:00 59;XT=81,200,81,128;TH=70,95,70,95;WARN=1;SID=1;MODE=0;UP=84574
2026-03-16T00:03:04.9763269-04:00 59;XT=81,200,81,128;TH=70,95,70,95;WARN=1;SID=1;MODE=0;UP=84574
2026-03-16T00:03:05.2422541-04:00 59;XT=81,200,81,128;TH=70,95,70,95;WARN=1;SID=1;MODE=0;UP=84574
2026-03-16T00:03:05.5092071-04:00 59;XT=81,200,81,128;TH=70,95,70,95;WARN=1;SID=1;MODE=0;UP=84574
2026-03-16T00:03:05.7734116-04:00 59;XT=81,200,81,128;TH=70,95,70,95;WARN=1;SID=1;MODE=0;UP=84574
2026-03-16T00:03:06.0397059-04:00 59;XT=81,200,81,128;TH=70,95,70,95;WARN=1;SID=1;MODE=0;UP=84574
2026-03-16T00:03:06.3039037-04:00 59;XT=81,200,81,128;TH=70,95,70,95;WARN=1;SID=1;MODE=0;UP=84574
2026-03-16T00:03:06.5687593-04:00 59;XT=81,200,81,128;TH=70,95,70,95;WARN=1;SID=1;MODE=0;UP=84574
2026-03-16T00:03:06.8371262-04:00 59;XT=81,200,81,128;TH=70,95,70,95;WARN=1;SID=1;MODE=0;UP=84574
2026-03-16T00:03:07.1069698-04:00 59;XT=81,200,81,128;TH=70,95,70,95;WARN=1;SID=1;MODE=0;UP=84574
2026-03-16T00:03:07.3712846-04:00 59;XT=81,200,81,128;TH=70,95,70,95;WARN=1;SID=1;MODE=0;UP=84574
2026-03-16T00:03:07.6383220-04:00 59;XT=81,200,81,128;TH=70,95,70,95;WARN=1;SID=1;MODE=0;UP=84574
2026-03-16T00:03:07.9101472-04:00 59;XT=81,200,81,128;TH=70,95,70,95;WARN=1;SID=1;MODE=0;UP=84574
2026-03-16T00:03:08.1772153-04:00 59;XT=81,200,81,128;TH=70,95,70,95;WARN=1;SID=1;MODE=0;UP=84574
2026-03-16T00:03:08.4446080-04:00 59;XT=81,200,81,128;TH=70,95,70,95;WARN=1;SID=1;MODE=0;UP=84574
2026-03-16T00:03:08.7124825-04:00 59;XT=81,200,81,128;TH=70,95,70,95;WARN=1;SID=1;MODE=0;UP=84574
2026-03-16T00:03:08.9856431-04:00 59;XT=81,200,81,128;TH=70,95,70,95;WARN=1;SID=1;MODE=0;UP=84574
2026-03-16T00:03:09.2578758-04:00 59;XT=81,200,81,128;TH=70,95,70,95;WARN=1;SID=1;MODE=0;UP=84574
2026-03-16T00:03:09.5237970-04:00 59;XT=81,200,81,128;TH=70,95,70,95;WARN=1;SID=1;MODE=0;UP=84574
2026-03-16T00:03:09.8058582-04:00 59;XT=81,200,81,128;TH=70,95,70,95;WARN=1;SID=1;MODE=0;UP=84574
2026-03-16T00:03:10.0710811-04:00 59;XT=81,200,81,128;TH=70,95,70,95;WARN=1;SID=1;MODE=0;UP=84574
2026-03-16T00:03:10.3365267-04:00 59;XT=81,200,81,128;TH=70,95,70,95;WARN=1;SID=1;MODE=0;UP=84574
2026-03-16T00:03:10.6036974-04:00 59;XT=81,200,81,128;TH=70,95,70,95;WARN=1;SID=1;MODE=0;UP=84574
2026-03-16T00:03:10.8695380-04:00 59;XT=81,200,81,128;TH=70,95,70,95;WARN=1;SID=1;MODE=0;UP=84574
2026-03-16T00:03:11.1346898-04:00 59;XT=81,200,81,128;TH=70,95,70,95;WARN=1;SID=1;MODE=0;UP=84574
2026-03-16T00:03:11.3972238-04:00 59;XT=81,200,81,128;TH=70,95,70,95;WARN=1;SID=1;MODE=0;UP=84574
2026-03-16T00:03:11.6628118-04:00 59;XT=81,200,81,128;TH=70,95,70,95;WARN=1;SID=1;MODE=0;UP=84574
2026-03-16T00:03:11.9306179-04:00 59;XT=81,200,81,128;TH=70,95,70,95;WARN=1;SID=1;MODE=0;UP=84574
2026-03-16T00:03:12.1946010-04:00 59;XT=81,200,81,128;TH=70,95,70,95;WARN=1;SID=1;MODE=0;UP=84574
2026-03-16T00:03:12.4642105-04:00 59;XT=81,200,81,128;TH=70,95,70,95;WARN=1;SID=1;MODE=0;UP=84574
2026-03-16T00:03:12.7328621-04:00 59;XT=81,200,81,128;TH=70,95,70,95;WARN=1;SID=1;MODE=0;UP=84574
2026-03-16T00:03:12.9976303-04:00 59;XT=81,200,81,128;TH=70,95,70,95;WARN=1;SID=1;MODE=0;UP=84574
2026-03-16T00:03:13.2648485-04:00 59;XT=81,200,81,128;TH=70,95,70,95;WARN=1;SID=1;MODE=0;UP=84574
2026-03-16T00:03:13.5320011-04:00 59;XT=81,200,81,128;TH=70,95,70,95;WARN=1;SID=1;MODE=0;UP=84574
2026-03-16T00:03:13.7974324-04:00 59;XT=81,200,81,128;TH=70,95,70,95;WARN=1;SID=1;MODE=0;UP=84574
2026-03-16T00:03:14.0619034-04:00 59;XT=81,200,81,128;TH=70,95,70,95;WARN=1;SID=1;MODE=0;UP=84574
2026-03-16T00:03:14.3265836-04:00 59;XT=81,200,81,128;TH=70,95,70,95;WARN=1;SID=1;MODE=0;UP=84574
2026-03-16T00:03:14.6229932-04:00 59;XT=81,200,81,128;TH=70,95,70,95;WARN=1;SID=1;MODE=0;UP=84574
2026-03-16T00:03:14.8900073-04:00 59;XT=81,200,81,128;TH=70,95,70,95;WARN=1;SID=1;MODE=0;UP=84574
2026-03-16T00:03:15.1554469-04:00 59;XT=81,200,81,128;TH=70,95,70,95;WARN=1;SID=1;MODE=0;UP=84574
2026-03-16T00:03:15.4210272-04:00 59;XT=81,200,81,128;TH=70,95,70,95;WARN=1;SID=1;MODE=0;UP=84574
2026-03-16T00:03:15.6869917-04:00 59;XT=81,200,81,128;TH=70,95,70,95;WARN=1;SID=1;MODE=0;UP=84574
2026-03-16T00:03:15.9517186-04:00 59;XT=81,200,81,128;TH=70,95,70,95;WARN=1;SID=1;MODE=0;UP=84574
2026-03-16T00:03:16.2218963-04:00 59;XT=81,200,81,128;TH=70,95,70,95;WARN=1;SID=1;MODE=0;UP=84574
2026-03-16T00:03:16.4857604-04:00 59;XT=81,200,81,128;TH=70,95,70,95;WARN=1;SID=1;MODE=0;UP=84574
2026-03-16T00:03:16.7551872-04:00 59;XT=81,200,81,128;TH=70,95,70,95;WARN=1;SID=1;MODE=0;UP=84574
2026-03-16T00:03:17.0206162-04:00 59;XT=81,200,81,128;TH=70,95,70,95;WARN=1;SID=1;MODE=0;UP=84574
2026-03-16T00:03:17.2885321-04:00 59;XT=81,200,81,128;TH=70,95,70,95;WARN=1;SID=1;MODE=0;UP=84574
2026-03-16T00:03:17.5532900-04:00 59;XT=81,200,81,128;TH=70,95,70,95;WARN=1;SID=1;MODE=0;UP=84574
2026-03-16T00:03:17.8191645-04:00 59;XT=81,200,81,128;TH=70,95,70,95;WARN=1;SID=1;MODE=0;UP=84574
2026-03-16T00:03:18.1046276-04:00 59;XT=81,200,81,128;TH=70,95,70,95;WARN=1;SID=1;MODE=0;UP=84574
2026-03-16T00:03:18.3852325-04:00 59;XT=81,200,81,128;TH=70,95,70,95;WARN=1;SID=1;MODE=0;UP=84574
